 
 gcc -g p8final.c
 gdb a.out
GNU gdb (Ubuntu 8.1.1-0ubuntu1) 8.1.1
Copyright (C) 2018 Free Software Foundation, Inc.
License GPLv3+: GNU GPL version 3 or later <http://gnu.org/licenses/gpl.html>
This is free software: you are free to change and redistribute it.
There is NO WARRANTY, to the extent permitted by law.  Type "show copying"
and "show warranty" for details.
This GDB was configured as "x86_64-linux-gnu".
Type "show configuration" for configuration details.
For bug reporting instructions, please see:
<http://www.gnu.org/software/gdb/bugs/>.
Find the GDB manual and other documentation resources online at:
<http://www.gnu.org/software/gdb/documentation/>.
For help, type "help".
Type "apropos word" to search for commands related to "word"...
Reading symbols from a.out...done.
(gdb) b main
Breakpoint 1 at 0xaf9: file p8final.c, line 63.
(gdb) r
Starting program: /home/runner/IA2-Test1-Session2/a.out 
warning: Error disabling address space randomization: Operation not permitted

Breakpoint 1, main () at p8final.c:63
63  {
(gdb) n
64    int n = input_n();
(gdb) n
Enter the number of triangles: 
4
65    Triangle t[n];
(gdb) n
66    input_n_triangles(n, t);
(gdb) n
Enter the base, altitude of a triangle:
12
16
Enter the base, altitude of a triangle:
13
15
Enter the base, altitude of a triangle:
14
15
Enter the base, altitude of a triangle:
18
19
67    find_areas_n(n, t);
(gdb) n
68    Triangle small = find_smallest_triangle(n, t);
(gdb) n
69    output(n, t, small);
(gdb) n
Smallest among 12.0, 16.0 and
Smallest among 13.0, 15.0 and
Smallest among 14.0, 15.0 and
18.0, 19.0
is
triangle with base = 12.0 and altitude = 16.0 having area = 96.0
70    return 0;
(gdb) n
71  }
(gdb) 